Registers: 00 11 00 44 00 00 00#
Flags    : 0 0 1 0#
PC.      : 6

Memory:
00 00 00 00 00 00 00 00 
00 00 00 00 00 00 11 00 
00 00 00 00 44 00 00 00 
00 00 00 00 00 00 00 00 
00 00 00 00 00 00 00 00 
00 00 00 00 00 00 00 00 
00 00 00 00 00 00 00 00 
00 00 00 00 00 00 00 00 
#

